<?xml version="1.0" encoding="UTF-8"?>
<testsuites>
  <testsuite name="" tests="26" assertions="70" errors="0" warnings="0" failures="0" skipped="0" time="13.843754">
    <testsuite name="Unit" tests="1" assertions="1" errors="0" warnings="0" failures="0" skipped="0" time="0.042919">
      <testsuite name="Tests\Unit\ExampleTest" file="/home/vagrant/thinkbit/web-app-laravel-boilerplate/tests/Unit/ExampleTest.php" tests="1" assertions="1" errors="0" warnings="0" failures="0" skipped="0" time="0.042919">
        <testcase name="testBasicTest" class="Tests\Unit\ExampleTest" classname="Tests.Unit.ExampleTest" file="/home/vagrant/thinkbit/web-app-laravel-boilerplate/tests/Unit/ExampleTest.php" line="14" assertions="1" time="0.042919"/>
      </testsuite>
    </testsuite>
    <testsuite name="Feature" tests="25" assertions="69" errors="0" warnings="0" failures="0" skipped="0" time="13.800836">
      <testsuite name="Tests\Feature\Api\CronJobControllerTest" file="/home/vagrant/thinkbit/web-app-laravel-boilerplate/tests/Feature/Api/CronJobControllerTest.php" tests="3" assertions="4" errors="0" warnings="0" failures="0" skipped="0" time="7.569749">
        <testcase name="testCronJobOnlyAvailableOnGCPAppEngine" class="Tests\Feature\Api\CronJobControllerTest" classname="Tests.Feature.Api.CronJobControllerTest" file="/home/vagrant/thinkbit/web-app-laravel-boilerplate/tests/Feature/Api/CronJobControllerTest.php" line="9" assertions="1" time="1.769708"/>
        <testcase name="testCronJobOnlyAvailableOnGCPForwarder" class="Tests\Feature\Api\CronJobControllerTest" classname="Tests.Feature.Api.CronJobControllerTest" file="/home/vagrant/thinkbit/web-app-laravel-boilerplate/tests/Feature/Api/CronJobControllerTest.php" line="16" assertions="1" time="0.114506"/>
        <testcase name="testCronJobTriggersScheduleRun" class="Tests\Feature\Api\CronJobControllerTest" classname="Tests.Feature.Api.CronJobControllerTest" file="/home/vagrant/thinkbit/web-app-laravel-boilerplate/tests/Feature/Api/CronJobControllerTest.php" line="23" assertions="2" time="5.685535"/>
      </testsuite>
      <testsuite name="Tests\Feature\Api\Users\FcmRegsitrationTokensControllerDestroyTest" file="/home/vagrant/thinkbit/web-app-laravel-boilerplate/tests/Feature/Api/Users/FcmRegsitrationTokensControllerDestroyTest.php" tests="7" assertions="26" errors="0" warnings="0" failures="0" skipped="0" time="3.190139">
        <testcase name="testRemoveTokenRetainsNotificationKey" class="Tests\Feature\Api\Users\FcmRegsitrationTokensControllerDestroyTest" classname="Tests.Feature.Api.Users.FcmRegsitrationTokensControllerDestroyTest" file="/home/vagrant/thinkbit/web-app-laravel-boilerplate/tests/Feature/Api/Users/FcmRegsitrationTokensControllerDestroyTest.php" line="21" assertions="5" time="2.548045"/>
        <testcase name="testRemoveAllTokensRemovesNotificationKey" class="Tests\Feature\Api\Users\FcmRegsitrationTokensControllerDestroyTest" classname="Tests.Feature.Api.Users.FcmRegsitrationTokensControllerDestroyTest" file="/home/vagrant/thinkbit/web-app-laravel-boilerplate/tests/Feature/Api/Users/FcmRegsitrationTokensControllerDestroyTest.php" line="66" assertions="5" time="0.126465"/>
        <testcase name="testTokenMustBeAuthorized" class="Tests\Feature\Api\Users\FcmRegsitrationTokensControllerDestroyTest" classname="Tests.Feature.Api.Users.FcmRegsitrationTokensControllerDestroyTest" file="/home/vagrant/thinkbit/web-app-laravel-boilerplate/tests/Feature/Api/Users/FcmRegsitrationTokensControllerDestroyTest.php" line="105" assertions="2" time="0.117975"/>
        <testcase name="testTokenIsForbiddenForOtherUser" class="Tests\Feature\Api\Users\FcmRegsitrationTokensControllerDestroyTest" classname="Tests.Feature.Api.Users.FcmRegsitrationTokensControllerDestroyTest" file="/home/vagrant/thinkbit/web-app-laravel-boilerplate/tests/Feature/Api/Users/FcmRegsitrationTokensControllerDestroyTest.php" line="122" assertions="2" time="0.093139"/>
        <testcase name="testTokenIsUnprocessableEntityWithoutRequiredFields" class="Tests\Feature\Api\Users\FcmRegsitrationTokensControllerDestroyTest" classname="Tests.Feature.Api.Users.FcmRegsitrationTokensControllerDestroyTest" file="/home/vagrant/thinkbit/web-app-laravel-boilerplate/tests/Feature/Api/Users/FcmRegsitrationTokensControllerDestroyTest.php" line="146" assertions="4" time="0.122855"/>
        <testcase name="testTokenIsUnprocessableEntityWithoutStringFields" class="Tests\Feature\Api\Users\FcmRegsitrationTokensControllerDestroyTest" classname="Tests.Feature.Api.Users.FcmRegsitrationTokensControllerDestroyTest" file="/home/vagrant/thinkbit/web-app-laravel-boilerplate/tests/Feature/Api/Users/FcmRegsitrationTokensControllerDestroyTest.php" line="166" assertions="4" time="0.092327"/>
        <testcase name="testTokenIsUnprocessableEntityWithoutExistingFields" class="Tests\Feature\Api\Users\FcmRegsitrationTokensControllerDestroyTest" classname="Tests.Feature.Api.Users.FcmRegsitrationTokensControllerDestroyTest" file="/home/vagrant/thinkbit/web-app-laravel-boilerplate/tests/Feature/Api/Users/FcmRegsitrationTokensControllerDestroyTest.php" line="186" assertions="4" time="0.089333"/>
      </testsuite>
      <testsuite name="Tests\Feature\Api\Users\FcmRegsitrationTokensControllerStoreTest" file="/home/vagrant/thinkbit/web-app-laravel-boilerplate/tests/Feature/Api/Users/FcmRegsitrationTokensControllerStoreTest.php" tests="8" assertions="32" errors="0" warnings="0" failures="0" skipped="0" time="0.757888">
        <testcase name="testNewTokenSavesNotificationKey" class="Tests\Feature\Api\Users\FcmRegsitrationTokensControllerStoreTest" classname="Tests.Feature.Api.Users.FcmRegsitrationTokensControllerStoreTest" file="/home/vagrant/thinkbit/web-app-laravel-boilerplate/tests/Feature/Api/Users/FcmRegsitrationTokensControllerStoreTest.php" line="22" assertions="5" time="0.118246"/>
        <testcase name="testNewTokenRemovesOldestTokenWhenMaxedOut" class="Tests\Feature\Api\Users\FcmRegsitrationTokensControllerStoreTest" classname="Tests.Feature.Api.Users.FcmRegsitrationTokensControllerStoreTest" file="/home/vagrant/thinkbit/web-app-laravel-boilerplate/tests/Feature/Api/Users/FcmRegsitrationTokensControllerStoreTest.php" line="58" assertions="6" time="0.099625"/>
        <testcase name="testNewTokenSavesEvenIfAnotherUserHasTheSameToken" class="Tests\Feature\Api\Users\FcmRegsitrationTokensControllerStoreTest" classname="Tests.Feature.Api.Users.FcmRegsitrationTokensControllerStoreTest" file="/home/vagrant/thinkbit/web-app-laravel-boilerplate/tests/Feature/Api/Users/FcmRegsitrationTokensControllerStoreTest.php" line="112" assertions="5" time="0.092481"/>
        <testcase name="testTokenMustBeAuthorized" class="Tests\Feature\Api\Users\FcmRegsitrationTokensControllerStoreTest" classname="Tests.Feature.Api.Users.FcmRegsitrationTokensControllerStoreTest" file="/home/vagrant/thinkbit/web-app-laravel-boilerplate/tests/Feature/Api/Users/FcmRegsitrationTokensControllerStoreTest.php" line="156" assertions="2" time="0.086860"/>
        <testcase name="testTokenIsForbiddenForOtherUser" class="Tests\Feature\Api\Users\FcmRegsitrationTokensControllerStoreTest" classname="Tests.Feature.Api.Users.FcmRegsitrationTokensControllerStoreTest" file="/home/vagrant/thinkbit/web-app-laravel-boilerplate/tests/Feature/Api/Users/FcmRegsitrationTokensControllerStoreTest.php" line="171" assertions="2" time="0.090537"/>
        <testcase name="testTokenIsUnprocessableEntityWithoutRequiredFields" class="Tests\Feature\Api\Users\FcmRegsitrationTokensControllerStoreTest" classname="Tests.Feature.Api.Users.FcmRegsitrationTokensControllerStoreTest" file="/home/vagrant/thinkbit/web-app-laravel-boilerplate/tests/Feature/Api/Users/FcmRegsitrationTokensControllerStoreTest.php" line="193" assertions="4" time="0.090139"/>
        <testcase name="testTokenIsUnprocessableEntityWithoutStringFields" class="Tests\Feature\Api\Users\FcmRegsitrationTokensControllerStoreTest" classname="Tests.Feature.Api.Users.FcmRegsitrationTokensControllerStoreTest" file="/home/vagrant/thinkbit/web-app-laravel-boilerplate/tests/Feature/Api/Users/FcmRegsitrationTokensControllerStoreTest.php" line="211" assertions="4" time="0.090979"/>
        <testcase name="testTokenIsUnprocessableEntityWithoutUniqueFields" class="Tests\Feature\Api\Users\FcmRegsitrationTokensControllerStoreTest" classname="Tests.Feature.Api.Users.FcmRegsitrationTokensControllerStoreTest" file="/home/vagrant/thinkbit/web-app-laravel-boilerplate/tests/Feature/Api/Users/FcmRegsitrationTokensControllerStoreTest.php" line="229" assertions="4" time="0.089022"/>
      </testsuite>
      <testsuite name="Tests\Feature\ForgotPasswordTest" file="/home/vagrant/thinkbit/web-app-laravel-boilerplate/tests/Feature/ForgotPasswordTest.php" tests="4" assertions="4" errors="0" warnings="0" failures="0" skipped="0" time="1.516001">
        <testcase name="testUserCanViewForgotPasswordPage" class="Tests\Feature\ForgotPasswordTest" classname="Tests.Feature.ForgotPasswordTest" file="/home/vagrant/thinkbit/web-app-laravel-boilerplate/tests/Feature/ForgotPasswordTest.php" line="26" assertions="1" time="0.212571"/>
        <testcase name="testUserCanResetPasswordWithValidEmail" class="Tests\Feature\ForgotPasswordTest" classname="Tests.Feature.ForgotPasswordTest" file="/home/vagrant/thinkbit/web-app-laravel-boilerplate/tests/Feature/ForgotPasswordTest.php" line="32" assertions="1" time="0.910521"/>
        <testcase name="testUserCanViewPasswordResetPage" class="Tests\Feature\ForgotPasswordTest" classname="Tests.Feature.ForgotPasswordTest" file="/home/vagrant/thinkbit/web-app-laravel-boilerplate/tests/Feature/ForgotPasswordTest.php" line="50" assertions="1" time="0.157568"/>
        <testcase name="testUserCanSubmitPasswordReset" class="Tests\Feature\ForgotPasswordTest" classname="Tests.Feature.ForgotPasswordTest" file="/home/vagrant/thinkbit/web-app-laravel-boilerplate/tests/Feature/ForgotPasswordTest.php" line="74" assertions="1" time="0.235341"/>
      </testsuite>
      <testsuite name="Tests\Feature\LoginTest" file="/home/vagrant/thinkbit/web-app-laravel-boilerplate/tests/Feature/LoginTest.php" tests="2" assertions="2" errors="0" warnings="0" failures="0" skipped="0" time="0.280535">
        <testcase name="testUserCanViewLoginPage" class="Tests\Feature\LoginTest" classname="Tests.Feature.LoginTest" file="/home/vagrant/thinkbit/web-app-laravel-boilerplate/tests/Feature/LoginTest.php" line="21" assertions="1" time="0.178161"/>
        <testcase name="testUserCanLoginWithValidCredentials" class="Tests\Feature\LoginTest" classname="Tests.Feature.LoginTest" file="/home/vagrant/thinkbit/web-app-laravel-boilerplate/tests/Feature/LoginTest.php" line="27" assertions="1" time="0.102373"/>
      </testsuite>
      <testsuite name="Tests\Feature\RoutesTest" file="/home/vagrant/thinkbit/web-app-laravel-boilerplate/tests/Feature/RoutesTest.php" tests="1" assertions="1" errors="0" warnings="0" failures="0" skipped="0" time="0.486524">
        <testcase name="testRoutesHaveNoServerErrors" class="Tests\Feature\RoutesTest" classname="Tests.Feature.RoutesTest" file="/home/vagrant/thinkbit/web-app-laravel-boilerplate/tests/Feature/RoutesTest.php" line="18" assertions="1" time="0.486524"/>
      </testsuite>
    </testsuite>
  </testsuite>
</testsuites>
